[2026-04-03 10:06:18Z INFO HostContext] No proxy settings were found based on environmental variables (http_proxy/https_proxy/HTTP_PROXY/HTTPS_PROXY)
[2026-04-03 10:06:18Z INFO HostContext] Well known directory 'Bin': 'D:\코딩\mlops_sentiment_api\actions-runner\actions-runner\bin'
[2026-04-03 10:06:18Z INFO HostContext] Well known directory 'Root': 'D:\코딩\mlops_sentiment_api\actions-runner\actions-runner'
[2026-04-03 10:06:18Z INFO HostContext] Well known config file 'Credentials': 'D:\코딩\mlops_sentiment_api\actions-runner\actions-runner\.credentials'
[2026-04-03 10:06:18Z INFO HostContext] Well known directory 'Bin': 'D:\코딩\mlops_sentiment_api\actions-runner\actions-runner\bin'
[2026-04-03 10:06:18Z INFO HostContext] Well known directory 'Root': 'D:\코딩\mlops_sentiment_api\actions-runner\actions-runner'
[2026-04-03 10:06:18Z INFO HostContext] Well known config file 'Runner': 'D:\코딩\mlops_sentiment_api\actions-runner\actions-runner\.runner'
[2026-04-03 10:06:18Z INFO Listener] Runner is built for Windows (X64) - win-x64.
[2026-04-03 10:06:18Z INFO Listener] RuntimeInformation: Microsoft Windows 10.0.26200.
[2026-04-03 10:06:18Z INFO Listener] Version: 2.333.1
[2026-04-03 10:06:18Z INFO Listener] Commit: 6792966801e8925346735b68c03bf9f347af4646
[2026-04-03 10:06:18Z INFO Listener] Culture: ko-KR
[2026-04-03 10:06:18Z INFO Listener] UI Culture: ko-KR
[2026-04-03 10:06:18Z INFO HostContext] Well known directory 'Bin': 'D:\코딩\mlops_sentiment_api\actions-runner\actions-runner\bin'
[2026-04-03 10:06:18Z INFO HostContext] Well known directory 'Root': 'D:\코딩\mlops_sentiment_api\actions-runner\actions-runner'
[2026-04-03 10:06:18Z INFO Listener] Validating directory permissions for: 'D:\코딩\mlops_sentiment_api\actions-runner\actions-runner'
[2026-04-03 10:06:18Z INFO CommandLineParser] Parse
[2026-04-03 10:06:18Z INFO CommandLineParser] Parsing 5 args
[2026-04-03 10:06:18Z INFO CommandLineParser] parsing argument
[2026-04-03 10:06:18Z INFO CommandLineParser] HasArgs: False
[2026-04-03 10:06:18Z INFO CommandLineParser] Adding Command: configure
[2026-04-03 10:06:18Z INFO CommandLineParser] parsing argument
[2026-04-03 10:06:18Z INFO CommandLineParser] HasArgs: True
[2026-04-03 10:06:18Z INFO CommandLineParser] arg: url
[2026-04-03 10:06:18Z INFO CommandLineParser] parsing argument
[2026-04-03 10:06:18Z INFO CommandLineParser] HasArgs: True
[2026-04-03 10:06:18Z INFO CommandLineParser] Adding option 'url': 'https://github.com/minjik39/opensource-hw2'
[2026-04-03 10:06:18Z INFO CommandLineParser] parsing argument
[2026-04-03 10:06:18Z INFO CommandLineParser] HasArgs: True
[2026-04-03 10:06:18Z INFO CommandLineParser] arg: token
[2026-04-03 10:06:18Z INFO CommandLineParser] parsing argument
[2026-04-03 10:06:18Z INFO CommandLineParser] HasArgs: True
[2026-04-03 10:06:18Z INFO CommandLineParser] Adding option 'token': '***'
[2026-04-03 10:06:18Z INFO Listener] Arguments parsed
[2026-04-03 10:06:18Z INFO Runner] ExecuteCommand
[2026-04-03 10:06:18Z INFO ConfigurationStore] currentAssemblyLocation: D:\코딩\mlops_sentiment_api\actions-runner\actions-runner\bin\Runner.Listener.dll
[2026-04-03 10:06:18Z INFO HostContext] Well known directory 'Bin': 'D:\코딩\mlops_sentiment_api\actions-runner\actions-runner\bin'
[2026-04-03 10:06:18Z INFO ConfigurationStore] binPath: D:\코딩\mlops_sentiment_api\actions-runner\actions-runner\bin
[2026-04-03 10:06:18Z INFO HostContext] Well known directory 'Bin': 'D:\코딩\mlops_sentiment_api\actions-runner\actions-runner\bin'
[2026-04-03 10:06:18Z INFO HostContext] Well known directory 'Root': 'D:\코딩\mlops_sentiment_api\actions-runner\actions-runner'
[2026-04-03 10:06:18Z INFO ConfigurationStore] RootFolder: D:\코딩\mlops_sentiment_api\actions-runner\actions-runner
[2026-04-03 10:06:18Z INFO HostContext] Well known directory 'Bin': 'D:\코딩\mlops_sentiment_api\actions-runner\actions-runner\bin'
[2026-04-03 10:06:18Z INFO HostContext] Well known directory 'Root': 'D:\코딩\mlops_sentiment_api\actions-runner\actions-runner'
[2026-04-03 10:06:18Z INFO HostContext] Well known config file 'Runner': 'D:\코딩\mlops_sentiment_api\actions-runner\actions-runner\.runner'
[2026-04-03 10:06:18Z INFO ConfigurationStore] ConfigFilePath: D:\코딩\mlops_sentiment_api\actions-runner\actions-runner\.runner
[2026-04-03 10:06:18Z INFO HostContext] Well known directory 'Bin': 'D:\코딩\mlops_sentiment_api\actions-runner\actions-runner\bin'
[2026-04-03 10:06:18Z INFO HostContext] Well known directory 'Root': 'D:\코딩\mlops_sentiment_api\actions-runner\actions-runner'
[2026-04-03 10:06:18Z INFO HostContext] Well known config file 'MigratedRunner': 'D:\코딩\mlops_sentiment_api\actions-runner\actions-runner\.runner_migrated'
[2026-04-03 10:06:18Z INFO ConfigurationStore] MigratedConfigFilePath: D:\코딩\mlops_sentiment_api\actions-runner\actions-runner\.runner_migrated
[2026-04-03 10:06:18Z INFO HostContext] Well known directory 'Bin': 'D:\코딩\mlops_sentiment_api\actions-runner\actions-runner\bin'
[2026-04-03 10:06:18Z INFO HostContext] Well known directory 'Root': 'D:\코딩\mlops_sentiment_api\actions-runner\actions-runner'
[2026-04-03 10:06:18Z INFO HostContext] Well known config file 'Credentials': 'D:\코딩\mlops_sentiment_api\actions-runner\actions-runner\.credentials'
[2026-04-03 10:06:18Z INFO ConfigurationStore] CredFilePath: D:\코딩\mlops_sentiment_api\actions-runner\actions-runner\.credentials
[2026-04-03 10:06:18Z INFO HostContext] Well known directory 'Bin': 'D:\코딩\mlops_sentiment_api\actions-runner\actions-runner\bin'
[2026-04-03 10:06:18Z INFO HostContext] Well known directory 'Root': 'D:\코딩\mlops_sentiment_api\actions-runner\actions-runner'
[2026-04-03 10:06:18Z INFO HostContext] Well known config file 'MigratedCredentials': 'D:\코딩\mlops_sentiment_api\actions-runner\actions-runner\.credentials_migrated'
[2026-04-03 10:06:18Z INFO ConfigurationStore] MigratedCredFilePath: D:\코딩\mlops_sentiment_api\actions-runner\actions-runner\.credentials_migrated
[2026-04-03 10:06:18Z INFO HostContext] Well known directory 'Bin': 'D:\코딩\mlops_sentiment_api\actions-runner\actions-runner\bin'
[2026-04-03 10:06:18Z INFO HostContext] Well known directory 'Root': 'D:\코딩\mlops_sentiment_api\actions-runner\actions-runner'
[2026-04-03 10:06:18Z INFO HostContext] Well known config file 'Service': 'D:\코딩\mlops_sentiment_api\actions-runner\actions-runner\.service'
[2026-04-03 10:06:18Z INFO ConfigurationStore] ServiceConfigFilePath: D:\코딩\mlops_sentiment_api\actions-runner\actions-runner\.service
[2026-04-03 10:06:18Z INFO CommandSettings] Flag 'help': 'False'
[2026-04-03 10:06:18Z INFO CommandSettings] Flag 'version': 'False'
[2026-04-03 10:06:18Z INFO CommandSettings] Flag 'commit': 'False'
[2026-04-03 10:06:18Z INFO CommandSettings] Flag 'check': 'False'
[2026-04-03 10:06:18Z INFO CommandSettings] Command 'configure': 'True'
[2026-04-03 10:06:18Z INFO Terminal] WRITE LINE: 
[2026-04-03 10:06:18Z INFO Terminal] WRITE LINE: --------------------------------------------------------------------------------
[2026-04-03 10:06:18Z INFO Terminal] WRITE LINE: |        ____ _ _   _   _       _          _        _   _                      |
[2026-04-03 10:06:18Z INFO Terminal] WRITE LINE: |       / ___(_) |_| | | |_   _| |__      / \   ___| |_(_) ___  _ __  ___      |
[2026-04-03 10:06:18Z INFO Terminal] WRITE LINE: |      | |  _| | __| |_| | | | | '_ \    / _ \ / __| __| |/ _ \| '_ \/ __|     |
[2026-04-03 10:06:18Z INFO Terminal] WRITE LINE: |      | |_| | | |_|  _  | |_| | |_) |  / ___ \ (__| |_| | (_) | | | \__ \     |
[2026-04-03 10:06:18Z INFO Terminal] WRITE LINE: |       \____|_|\__|_| |_|\__,_|_.__/  /_/   \_\___|\__|_|\___/|_| |_|___/     |
[2026-04-03 10:06:18Z INFO Terminal] WRITE LINE: |                                                                              |
[2026-04-03 10:06:18Z INFO Terminal] WRITE: |                       
[2026-04-03 10:06:18Z INFO Terminal] WRITE: Self-hosted runner registration
[2026-04-03 10:06:18Z INFO Terminal] WRITE LINE:                         |
[2026-04-03 10:06:18Z INFO Terminal] WRITE LINE: |                                                                              |
[2026-04-03 10:06:18Z INFO Terminal] WRITE LINE: --------------------------------------------------------------------------------
[2026-04-03 10:06:18Z INFO ConfigurationManager] ConfigureAsync
[2026-04-03 10:06:18Z INFO CommandSettings] Flag 'generateServiceConfig': 'False'
[2026-04-03 10:06:18Z INFO ConfigurationStore] IsConfigured()
[2026-04-03 10:06:18Z INFO ConfigurationStore] IsConfigured: False
[2026-04-03 10:06:18Z INFO ConfigurationManager] Is configured: False
[2026-04-03 10:06:18Z INFO CommandSettings] Arg 'url': 'https://github.com/minjik39/opensource-hw2'
[2026-04-03 10:06:18Z INFO CommandSettings] Remove url from Arg dictionary.
[2026-04-03 10:06:18Z INFO CommandSettings] Arg 'token': '***'
[2026-04-03 10:06:18Z INFO CommandSettings] Remove token from Arg dictionary.
[2026-04-03 10:06:18Z INFO ConfigurationManager] Http response code: OK from 'POST https://api.github.com/actions/runner-registration' (15B6:34248D:4CD275:59546F:69CF9094)
[2026-04-03 10:06:18Z INFO ConfigurationManager] Using runner-admin flow: False
[2026-04-03 10:06:18Z INFO ConfigurationManager] cred retrieved via GitHub auth
[2026-04-03 10:06:18Z INFO RunnerServer] EstablishVssConnection
[2026-04-03 10:06:18Z INFO RunnerServer] Establish connection with 100 seconds timeout.
[2026-04-03 10:06:18Z INFO GitHubActionsService] Starting operation Location.GetConnectionData
[2026-04-03 10:06:18Z INFO RunnerServer] EstablishVssConnection
[2026-04-03 10:06:18Z INFO RunnerServer] Establish connection with 60 seconds timeout.
[2026-04-03 10:06:18Z INFO GitHubActionsService] Starting operation Location.GetConnectionData
[2026-04-03 10:06:18Z INFO RunnerServer] EstablishVssConnection
[2026-04-03 10:06:18Z INFO RunnerServer] Establish connection with 60 seconds timeout.
[2026-04-03 10:06:18Z INFO GitHubActionsService] Starting operation Location.GetConnectionData
[2026-04-03 10:06:19Z INFO GitHubActionsService] Finished operation Location.GetConnectionData
[2026-04-03 10:06:19Z INFO GitHubActionsService] Finished operation Location.GetConnectionData
[2026-04-03 10:06:19Z INFO GitHubActionsService] Finished operation Location.GetConnectionData
[2026-04-03 10:06:19Z INFO Terminal] WRITE LINE: 
[2026-04-03 10:06:19Z INFO ConfigurationManager] Test Connection complete.
[2026-04-03 10:06:19Z INFO HostContext] Well known directory 'Bin': 'D:\코딩\mlops_sentiment_api\actions-runner\actions-runner\bin'
[2026-04-03 10:06:19Z INFO HostContext] Well known directory 'Root': 'D:\코딩\mlops_sentiment_api\actions-runner\actions-runner'
[2026-04-03 10:06:19Z INFO HostContext] Well known config file 'RSACredentials': 'D:\코딩\mlops_sentiment_api\actions-runner\actions-runner\.credentials_rsaparams'
[2026-04-03 10:06:19Z INFO RSAEncryptedFileKeyManager] Creating new RSA key using 2048-bit key length
[2026-04-03 10:06:19Z INFO RSAEncryptedFileKeyManager] Successfully saved RSA key parameters to file D:\코딩\mlops_sentiment_api\actions-runner\actions-runner\.credentials_rsaparams
[2026-04-03 10:06:19Z INFO CommandSettings] Arg 'runnergroup': ''
[2026-04-03 10:06:19Z INFO CommandSettings] Flag 'unattended': 'False'
[2026-04-03 10:06:19Z INFO PromptManager] ReadValue
[2026-04-03 10:06:19Z INFO Terminal] WRITE: Enter the name of the runner group to add this runner to: 
[2026-04-03 10:06:19Z INFO Terminal] WRITE: [press Enter for Default] 
[2026-04-03 10:06:19Z INFO Terminal] READ LINE
[2026-04-03 10:06:21Z INFO Terminal] Read value: ''
[2026-04-03 10:06:21Z INFO PromptManager] Falling back to the default: 'Default'
[2026-04-03 10:06:21Z INFO Terminal] WRITE LINE: 
[2026-04-03 10:06:21Z INFO ConfigurationManager] Found a self-hosted runner group with id 1 and name Default
[2026-04-03 10:06:21Z INFO CommandSettings] Flag 'disableupdate': 'False'
[2026-04-03 10:06:21Z INFO CommandSettings] Flag 'ephemeral': 'False'
[2026-04-03 10:06:21Z INFO CommandSettings] Arg 'name': ''
[2026-04-03 10:06:21Z INFO CommandSettings] Flag 'unattended': 'False'
[2026-04-03 10:06:21Z INFO PromptManager] ReadValue
[2026-04-03 10:06:21Z INFO Terminal] WRITE: Enter the name of runner: 
[2026-04-03 10:06:21Z INFO Terminal] WRITE: [press Enter for MINJIK] 
[2026-04-03 10:06:21Z INFO Terminal] READ LINE
[2026-04-03 10:06:22Z INFO Terminal] Read value: ''
[2026-04-03 10:06:22Z INFO PromptManager] Falling back to the default: 'MINJIK'
[2026-04-03 10:06:22Z INFO Terminal] WRITE LINE: 
[2026-04-03 10:06:22Z INFO CommandSettings] Arg 'labels': ''
[2026-04-03 10:06:22Z INFO CommandSettings] Flag 'unattended': 'False'
[2026-04-03 10:06:22Z INFO PromptManager] ReadValue
[2026-04-03 10:06:22Z INFO Terminal] WRITE: This runner will have the following labels: 'self-hosted', 'Windows', 'X64' 
Enter any additional labels (ex. label-1,label-2): 
[2026-04-03 10:06:22Z INFO Terminal] WRITE: [press Enter to skip] 
[2026-04-03 10:06:22Z INFO Terminal] READ LINE
[2026-04-03 10:06:29Z INFO Terminal] Read value: ''
[2026-04-03 10:06:29Z INFO Terminal] WRITE LINE: 
[2026-04-03 10:06:29Z INFO CommandSettings] Flag 'disableupdate': 'False'
[2026-04-03 10:06:29Z INFO CommandSettings] Flag 'no-default-labels': 'False'
[2026-04-03 10:06:29Z INFO CommandSettings] Flag 'disableupdate': 'False'
[2026-04-03 10:06:29Z INFO CommandSettings] Flag 'ephemeral': 'False'
[2026-04-03 10:06:29Z INFO ConfigurationStore] Saving OAuth credential @ D:\코딩\mlops_sentiment_api\actions-runner\actions-runner\.credentials
[2026-04-03 10:06:29Z INFO ConfigurationStore] Credentials Saved.
[2026-04-03 10:06:29Z INFO ConfigurationManager] Service enforced serverUrlV2: https://broker.actions.githubusercontent.com/
[2026-04-03 10:06:29Z INFO ConfigurationManager] Service enforced useV2Flow: True
[2026-04-03 10:06:29Z INFO CommandSettings] Arg 'work': ''
[2026-04-03 10:06:29Z INFO CommandSettings] Flag 'unattended': 'False'
[2026-04-03 10:06:29Z INFO PromptManager] ReadValue
[2026-04-03 10:06:29Z INFO Terminal] WRITE: Enter name of work folder: 
[2026-04-03 10:06:29Z INFO Terminal] WRITE: [press Enter for _work] 
[2026-04-03 10:06:29Z INFO Terminal] READ LINE
[2026-04-03 10:06:31Z INFO Terminal] Read value: ''
[2026-04-03 10:06:31Z INFO PromptManager] Falling back to the default: '_work'
[2026-04-03 10:06:31Z INFO ConfigurationStore] Saving runner settings.
[2026-04-03 10:06:31Z INFO ConfigurationStore] Settings Saved.
[2026-04-03 10:06:31Z INFO Terminal] WRITE LINE: 
[2026-04-03 10:06:31Z INFO Terminal] WRITE LINE: 
[2026-04-03 10:06:31Z INFO CommandSettings] Flag 'runasservice': 'False'
[2026-04-03 10:06:31Z INFO CommandSettings] Flag 'unattended': 'False'
[2026-04-03 10:06:31Z INFO PromptManager] ReadValue
[2026-04-03 10:06:31Z INFO Terminal] WRITE: Would you like to run the runner as service? (Y/N) 
[2026-04-03 10:06:31Z INFO Terminal] WRITE: [press Enter for N] 
[2026-04-03 10:06:31Z INFO Terminal] READ LINE
[2026-04-03 10:06:38Z INFO Terminal] Read value: ''
[2026-04-03 10:06:38Z INFO PromptManager] Falling back to the default: 'N'
[2026-04-03 10:06:38Z INFO Listener] Runner execution has finished with return code 0
