[2026-04-03 10:05:45Z INFO HostContext] No proxy settings were found based on environmental variables (http_proxy/https_proxy/HTTP_PROXY/HTTPS_PROXY)
[2026-04-03 10:05:45Z INFO HostContext] Well known directory 'Bin': 'D:\코딩\mlops_sentiment_api\actions-runner\actions-runner\bin'
[2026-04-03 10:05:45Z INFO HostContext] Well known directory 'Root': 'D:\코딩\mlops_sentiment_api\actions-runner\actions-runner'
[2026-04-03 10:05:45Z INFO HostContext] Well known config file 'Credentials': 'D:\코딩\mlops_sentiment_api\actions-runner\actions-runner\.credentials'
[2026-04-03 10:05:45Z INFO HostContext] Well known directory 'Bin': 'D:\코딩\mlops_sentiment_api\actions-runner\actions-runner\bin'
[2026-04-03 10:05:45Z INFO HostContext] Well known directory 'Root': 'D:\코딩\mlops_sentiment_api\actions-runner\actions-runner'
[2026-04-03 10:05:45Z INFO HostContext] Well known config file 'Runner': 'D:\코딩\mlops_sentiment_api\actions-runner\actions-runner\.runner'
[2026-04-03 10:05:45Z INFO Listener] Runner is built for Windows (X64) - win-x64.
[2026-04-03 10:05:45Z INFO Listener] RuntimeInformation: Microsoft Windows 10.0.26200.
[2026-04-03 10:05:45Z INFO Listener] Version: 2.333.1
[2026-04-03 10:05:45Z INFO Listener] Commit: 6792966801e8925346735b68c03bf9f347af4646
[2026-04-03 10:05:45Z INFO Listener] Culture: ko-KR
[2026-04-03 10:05:45Z INFO Listener] UI Culture: ko-KR
[2026-04-03 10:05:45Z INFO HostContext] Well known directory 'Bin': 'D:\코딩\mlops_sentiment_api\actions-runner\actions-runner\bin'
[2026-04-03 10:05:45Z INFO HostContext] Well known directory 'Root': 'D:\코딩\mlops_sentiment_api\actions-runner\actions-runner'
[2026-04-03 10:05:45Z INFO Listener] Validating directory permissions for: 'D:\코딩\mlops_sentiment_api\actions-runner\actions-runner'
[2026-04-03 10:05:45Z INFO CommandLineParser] Parse
[2026-04-03 10:05:45Z INFO CommandLineParser] Parsing 1 args
[2026-04-03 10:05:45Z INFO CommandLineParser] parsing argument
[2026-04-03 10:05:45Z INFO CommandLineParser] HasArgs: False
[2026-04-03 10:05:45Z INFO CommandLineParser] Adding Command: remove
[2026-04-03 10:05:45Z INFO Listener] Arguments parsed
[2026-04-03 10:05:45Z INFO Runner] ExecuteCommand
[2026-04-03 10:05:45Z INFO ConfigurationStore] currentAssemblyLocation: D:\코딩\mlops_sentiment_api\actions-runner\actions-runner\bin\Runner.Listener.dll
[2026-04-03 10:05:45Z INFO HostContext] Well known directory 'Bin': 'D:\코딩\mlops_sentiment_api\actions-runner\actions-runner\bin'
[2026-04-03 10:05:45Z INFO ConfigurationStore] binPath: D:\코딩\mlops_sentiment_api\actions-runner\actions-runner\bin
[2026-04-03 10:05:45Z INFO HostContext] Well known directory 'Bin': 'D:\코딩\mlops_sentiment_api\actions-runner\actions-runner\bin'
[2026-04-03 10:05:45Z INFO HostContext] Well known directory 'Root': 'D:\코딩\mlops_sentiment_api\actions-runner\actions-runner'
[2026-04-03 10:05:45Z INFO ConfigurationStore] RootFolder: D:\코딩\mlops_sentiment_api\actions-runner\actions-runner
[2026-04-03 10:05:45Z INFO HostContext] Well known directory 'Bin': 'D:\코딩\mlops_sentiment_api\actions-runner\actions-runner\bin'
[2026-04-03 10:05:45Z INFO HostContext] Well known directory 'Root': 'D:\코딩\mlops_sentiment_api\actions-runner\actions-runner'
[2026-04-03 10:05:45Z INFO HostContext] Well known config file 'Runner': 'D:\코딩\mlops_sentiment_api\actions-runner\actions-runner\.runner'
[2026-04-03 10:05:45Z INFO ConfigurationStore] ConfigFilePath: D:\코딩\mlops_sentiment_api\actions-runner\actions-runner\.runner
[2026-04-03 10:05:45Z INFO HostContext] Well known directory 'Bin': 'D:\코딩\mlops_sentiment_api\actions-runner\actions-runner\bin'
[2026-04-03 10:05:45Z INFO HostContext] Well known directory 'Root': 'D:\코딩\mlops_sentiment_api\actions-runner\actions-runner'
[2026-04-03 10:05:45Z INFO HostContext] Well known config file 'MigratedRunner': 'D:\코딩\mlops_sentiment_api\actions-runner\actions-runner\.runner_migrated'
[2026-04-03 10:05:45Z INFO ConfigurationStore] MigratedConfigFilePath: D:\코딩\mlops_sentiment_api\actions-runner\actions-runner\.runner_migrated
[2026-04-03 10:05:45Z INFO HostContext] Well known directory 'Bin': 'D:\코딩\mlops_sentiment_api\actions-runner\actions-runner\bin'
[2026-04-03 10:05:45Z INFO HostContext] Well known directory 'Root': 'D:\코딩\mlops_sentiment_api\actions-runner\actions-runner'
[2026-04-03 10:05:45Z INFO HostContext] Well known config file 'Credentials': 'D:\코딩\mlops_sentiment_api\actions-runner\actions-runner\.credentials'
[2026-04-03 10:05:45Z INFO ConfigurationStore] CredFilePath: D:\코딩\mlops_sentiment_api\actions-runner\actions-runner\.credentials
[2026-04-03 10:05:45Z INFO HostContext] Well known directory 'Bin': 'D:\코딩\mlops_sentiment_api\actions-runner\actions-runner\bin'
[2026-04-03 10:05:45Z INFO HostContext] Well known directory 'Root': 'D:\코딩\mlops_sentiment_api\actions-runner\actions-runner'
[2026-04-03 10:05:45Z INFO HostContext] Well known config file 'MigratedCredentials': 'D:\코딩\mlops_sentiment_api\actions-runner\actions-runner\.credentials_migrated'
[2026-04-03 10:05:45Z INFO ConfigurationStore] MigratedCredFilePath: D:\코딩\mlops_sentiment_api\actions-runner\actions-runner\.credentials_migrated
[2026-04-03 10:05:45Z INFO HostContext] Well known directory 'Bin': 'D:\코딩\mlops_sentiment_api\actions-runner\actions-runner\bin'
[2026-04-03 10:05:45Z INFO HostContext] Well known directory 'Root': 'D:\코딩\mlops_sentiment_api\actions-runner\actions-runner'
[2026-04-03 10:05:45Z INFO HostContext] Well known config file 'Service': 'D:\코딩\mlops_sentiment_api\actions-runner\actions-runner\.service'
[2026-04-03 10:05:45Z INFO ConfigurationStore] ServiceConfigFilePath: D:\코딩\mlops_sentiment_api\actions-runner\actions-runner\.service
[2026-04-03 10:05:45Z INFO CommandSettings] Flag 'help': 'False'
[2026-04-03 10:05:45Z INFO CommandSettings] Flag 'version': 'False'
[2026-04-03 10:05:45Z INFO CommandSettings] Flag 'commit': 'False'
[2026-04-03 10:05:45Z INFO CommandSettings] Flag 'check': 'False'
[2026-04-03 10:05:45Z INFO CommandSettings] Command 'configure': 'False'
[2026-04-03 10:05:45Z INFO CommandSettings] Command 'remove': 'True'
[2026-04-03 10:05:45Z INFO CommandSettings] Flag 'local': 'False'
[2026-04-03 10:05:45Z INFO ConfigurationStore] IsServiceConfigured()
[2026-04-03 10:05:45Z INFO ConfigurationStore] IsServiceConfigured: False
[2026-04-03 10:05:45Z INFO ConfigurationStore] IsConfigured()
[2026-04-03 10:05:45Z INFO ConfigurationStore] IsConfigured: True
[2026-04-03 10:05:45Z INFO ConfigurationStore] HasCredentials()
[2026-04-03 10:05:45Z INFO ConfigurationStore] stored True
[2026-04-03 10:05:45Z INFO ConfigurationStore] Read setting file: 392 chars
[2026-04-03 10:05:45Z INFO CommandSettings] Arg 'token': ''
[2026-04-03 10:05:45Z INFO CommandSettings] Flag 'unattended': 'False'
[2026-04-03 10:05:45Z INFO PromptManager] ReadValue
[2026-04-03 10:05:45Z INFO Terminal] WRITE: Enter runner remove token: 
[2026-04-03 10:05:45Z INFO Terminal] READ SECRET
[2026-04-03 10:06:11Z INFO Terminal] Read value: '***'
[2026-04-03 10:06:12Z INFO ConfigurationManager] Http response code: OK from 'POST https://api.github.com/actions/runner-registration' (15B2:1C7043:4B9348:58160A:69CF908E)
[2026-04-03 10:06:12Z INFO ConfigurationManager] cred retrieved via GitHub auth
[2026-04-03 10:06:12Z INFO RunnerServer] EstablishVssConnection
[2026-04-03 10:06:12Z INFO RunnerServer] Establish connection with 100 seconds timeout.
[2026-04-03 10:06:12Z INFO GitHubActionsService] Starting operation Location.GetConnectionData
[2026-04-03 10:06:12Z INFO RunnerServer] EstablishVssConnection
[2026-04-03 10:06:12Z INFO RunnerServer] Establish connection with 60 seconds timeout.
[2026-04-03 10:06:12Z INFO GitHubActionsService] Starting operation Location.GetConnectionData
[2026-04-03 10:06:12Z INFO RunnerServer] EstablishVssConnection
[2026-04-03 10:06:12Z INFO RunnerServer] Establish connection with 60 seconds timeout.
[2026-04-03 10:06:12Z INFO GitHubActionsService] Starting operation Location.GetConnectionData
[2026-04-03 10:06:13Z INFO GitHubActionsService] Finished operation Location.GetConnectionData
[2026-04-03 10:06:13Z INFO GitHubActionsService] Finished operation Location.GetConnectionData
[2026-04-03 10:06:13Z INFO GitHubActionsService] Finished operation Location.GetConnectionData
[2026-04-03 10:06:13Z INFO Terminal] WRITE LINE: Does not exist. Skipping Removing runner from the server
[2026-04-03 10:06:13Z INFO Terminal] WRITE LINE: 
[2026-04-03 10:06:13Z INFO ConfigurationStore] IsConfigured()
[2026-04-03 10:06:13Z INFO ConfigurationStore] IsConfigured: True
[2026-04-03 10:06:13Z INFO ConfigurationStore] HasCredentials()
[2026-04-03 10:06:13Z INFO ConfigurationStore] stored True
[2026-04-03 10:06:13Z INFO HostContext] Well known directory 'Bin': 'D:\코딩\mlops_sentiment_api\actions-runner\actions-runner\bin'
[2026-04-03 10:06:13Z INFO HostContext] Well known directory 'Root': 'D:\코딩\mlops_sentiment_api\actions-runner\actions-runner'
[2026-04-03 10:06:13Z INFO HostContext] Well known config file 'RSACredentials': 'D:\코딩\mlops_sentiment_api\actions-runner\actions-runner\.credentials_rsaparams'
[2026-04-03 10:06:13Z INFO RSAEncryptedFileKeyManager] Deleting RSA key parameters file D:\코딩\mlops_sentiment_api\actions-runner\actions-runner\.credentials_rsaparams
[2026-04-03 10:06:13Z INFO Terminal] WRITE LINE: 
[2026-04-03 10:06:13Z INFO Listener] Runner execution has finished with return code 0
