[2026-04-03 10:06:52Z INFO HostContext] No proxy settings were found based on environmental variables (http_proxy/https_proxy/HTTP_PROXY/HTTPS_PROXY)
[2026-04-03 10:06:52Z INFO HostContext] Well known directory 'Bin': 'D:\코딩\mlops_sentiment_api\actions-runner\actions-runner\bin'
[2026-04-03 10:06:52Z INFO HostContext] Well known directory 'Root': 'D:\코딩\mlops_sentiment_api\actions-runner\actions-runner'
[2026-04-03 10:06:52Z INFO HostContext] Well known config file 'Credentials': 'D:\코딩\mlops_sentiment_api\actions-runner\actions-runner\.credentials'
[2026-04-03 10:06:52Z INFO HostContext] Well known directory 'Bin': 'D:\코딩\mlops_sentiment_api\actions-runner\actions-runner\bin'
[2026-04-03 10:06:52Z INFO HostContext] Well known directory 'Root': 'D:\코딩\mlops_sentiment_api\actions-runner\actions-runner'
[2026-04-03 10:06:52Z INFO HostContext] Well known config file 'Runner': 'D:\코딩\mlops_sentiment_api\actions-runner\actions-runner\.runner'
[2026-04-03 10:06:52Z INFO Listener] Runner is built for Windows (X64) - win-x64.
[2026-04-03 10:06:52Z INFO Listener] RuntimeInformation: Microsoft Windows 10.0.26200.
[2026-04-03 10:06:52Z INFO Listener] Version: 2.333.1
[2026-04-03 10:06:52Z INFO Listener] Commit: 6792966801e8925346735b68c03bf9f347af4646
[2026-04-03 10:06:52Z INFO Listener] Culture: ko-KR
[2026-04-03 10:06:52Z INFO Listener] UI Culture: ko-KR
[2026-04-03 10:06:52Z INFO HostContext] Well known directory 'Bin': 'D:\코딩\mlops_sentiment_api\actions-runner\actions-runner\bin'
[2026-04-03 10:06:52Z INFO HostContext] Well known directory 'Root': 'D:\코딩\mlops_sentiment_api\actions-runner\actions-runner'
[2026-04-03 10:06:52Z INFO Listener] Validating directory permissions for: 'D:\코딩\mlops_sentiment_api\actions-runner\actions-runner'
[2026-04-03 10:06:52Z INFO CommandLineParser] Parse
[2026-04-03 10:06:52Z INFO CommandLineParser] Parsing 1 args
[2026-04-03 10:06:52Z INFO CommandLineParser] parsing argument
[2026-04-03 10:06:52Z INFO CommandLineParser] HasArgs: False
[2026-04-03 10:06:52Z INFO CommandLineParser] Adding Command: run
[2026-04-03 10:06:52Z INFO Listener] Arguments parsed
[2026-04-03 10:06:53Z INFO Runner] ExecuteCommand
[2026-04-03 10:06:53Z INFO ConfigurationStore] currentAssemblyLocation: D:\코딩\mlops_sentiment_api\actions-runner\actions-runner\bin\Runner.Listener.dll
[2026-04-03 10:06:53Z INFO HostContext] Well known directory 'Bin': 'D:\코딩\mlops_sentiment_api\actions-runner\actions-runner\bin'
[2026-04-03 10:06:53Z INFO ConfigurationStore] binPath: D:\코딩\mlops_sentiment_api\actions-runner\actions-runner\bin
[2026-04-03 10:06:53Z INFO HostContext] Well known directory 'Bin': 'D:\코딩\mlops_sentiment_api\actions-runner\actions-runner\bin'
[2026-04-03 10:06:53Z INFO HostContext] Well known directory 'Root': 'D:\코딩\mlops_sentiment_api\actions-runner\actions-runner'
[2026-04-03 10:06:53Z INFO ConfigurationStore] RootFolder: D:\코딩\mlops_sentiment_api\actions-runner\actions-runner
[2026-04-03 10:06:53Z INFO HostContext] Well known directory 'Bin': 'D:\코딩\mlops_sentiment_api\actions-runner\actions-runner\bin'
[2026-04-03 10:06:53Z INFO HostContext] Well known directory 'Root': 'D:\코딩\mlops_sentiment_api\actions-runner\actions-runner'
[2026-04-03 10:06:53Z INFO HostContext] Well known config file 'Runner': 'D:\코딩\mlops_sentiment_api\actions-runner\actions-runner\.runner'
[2026-04-03 10:06:53Z INFO ConfigurationStore] ConfigFilePath: D:\코딩\mlops_sentiment_api\actions-runner\actions-runner\.runner
[2026-04-03 10:06:53Z INFO HostContext] Well known directory 'Bin': 'D:\코딩\mlops_sentiment_api\actions-runner\actions-runner\bin'
[2026-04-03 10:06:53Z INFO HostContext] Well known directory 'Root': 'D:\코딩\mlops_sentiment_api\actions-runner\actions-runner'
[2026-04-03 10:06:53Z INFO HostContext] Well known config file 'MigratedRunner': 'D:\코딩\mlops_sentiment_api\actions-runner\actions-runner\.runner_migrated'
[2026-04-03 10:06:53Z INFO ConfigurationStore] MigratedConfigFilePath: D:\코딩\mlops_sentiment_api\actions-runner\actions-runner\.runner_migrated
[2026-04-03 10:06:53Z INFO HostContext] Well known directory 'Bin': 'D:\코딩\mlops_sentiment_api\actions-runner\actions-runner\bin'
[2026-04-03 10:06:53Z INFO HostContext] Well known directory 'Root': 'D:\코딩\mlops_sentiment_api\actions-runner\actions-runner'
[2026-04-03 10:06:53Z INFO HostContext] Well known config file 'Credentials': 'D:\코딩\mlops_sentiment_api\actions-runner\actions-runner\.credentials'
[2026-04-03 10:06:53Z INFO ConfigurationStore] CredFilePath: D:\코딩\mlops_sentiment_api\actions-runner\actions-runner\.credentials
[2026-04-03 10:06:53Z INFO HostContext] Well known directory 'Bin': 'D:\코딩\mlops_sentiment_api\actions-runner\actions-runner\bin'
[2026-04-03 10:06:53Z INFO HostContext] Well known directory 'Root': 'D:\코딩\mlops_sentiment_api\actions-runner\actions-runner'
[2026-04-03 10:06:53Z INFO HostContext] Well known config file 'MigratedCredentials': 'D:\코딩\mlops_sentiment_api\actions-runner\actions-runner\.credentials_migrated'
[2026-04-03 10:06:53Z INFO ConfigurationStore] MigratedCredFilePath: D:\코딩\mlops_sentiment_api\actions-runner\actions-runner\.credentials_migrated
[2026-04-03 10:06:53Z INFO HostContext] Well known directory 'Bin': 'D:\코딩\mlops_sentiment_api\actions-runner\actions-runner\bin'
[2026-04-03 10:06:53Z INFO HostContext] Well known directory 'Root': 'D:\코딩\mlops_sentiment_api\actions-runner\actions-runner'
[2026-04-03 10:06:53Z INFO HostContext] Well known config file 'Service': 'D:\코딩\mlops_sentiment_api\actions-runner\actions-runner\.service'
[2026-04-03 10:06:53Z INFO ConfigurationStore] ServiceConfigFilePath: D:\코딩\mlops_sentiment_api\actions-runner\actions-runner\.service
[2026-04-03 10:06:53Z INFO CommandSettings] Flag 'help': 'False'
[2026-04-03 10:06:53Z INFO CommandSettings] Flag 'version': 'False'
[2026-04-03 10:06:53Z INFO CommandSettings] Flag 'commit': 'False'
[2026-04-03 10:06:53Z INFO CommandSettings] Flag 'check': 'False'
[2026-04-03 10:06:53Z INFO CommandSettings] Command 'configure': 'False'
[2026-04-03 10:06:53Z INFO CommandSettings] Command 'remove': 'False'
[2026-04-03 10:06:53Z INFO CommandSettings] Command 'warmup': 'False'
[2026-04-03 10:06:53Z INFO ConfigurationManager] LoadSettings
[2026-04-03 10:06:53Z INFO ConfigurationStore] IsConfigured()
[2026-04-03 10:06:53Z INFO ConfigurationStore] IsConfigured: True
[2026-04-03 10:06:53Z INFO ConfigurationManager] Is configured: True
[2026-04-03 10:06:53Z INFO ConfigurationStore] Read setting file: 392 chars
[2026-04-03 10:06:53Z INFO ConfigurationManager] Settings Loaded
[2026-04-03 10:06:53Z INFO ConfigurationStore] IsServiceConfigured()
[2026-04-03 10:06:53Z INFO ConfigurationStore] IsServiceConfigured: False
[2026-04-03 10:06:53Z INFO CommandSettings] Command 'run': 'True'
[2026-04-03 10:06:53Z INFO ConfigurationStore] IsConfigured()
[2026-04-03 10:06:53Z INFO ConfigurationStore] IsConfigured: True
[2026-04-03 10:06:53Z INFO ConfigurationManager] Is configured: True
[2026-04-03 10:06:53Z INFO Runner] Could not parse the argument value '' for StartupType. Defaulting to Manual
[2026-04-03 10:06:53Z INFO Runner] Set runner startup type - Manual
[2026-04-03 10:06:53Z INFO CommandSettings] Flag 'once': 'False'
[2026-04-03 10:06:53Z INFO CommandSettings] Flag 'once': 'False'
[2026-04-03 10:06:53Z INFO Runner] RunAsync
[2026-04-03 10:06:53Z INFO HostContext] Well known directory 'Bin': 'D:\코딩\mlops_sentiment_api\actions-runner\actions-runner\bin'
[2026-04-03 10:06:53Z INFO HostContext] Well known directory 'Root': 'D:\코딩\mlops_sentiment_api\actions-runner\actions-runner'
[2026-04-03 10:06:53Z INFO HostContext] Well known directory 'Work': 'D:\코딩\mlops_sentiment_api\actions-runner\actions-runner\_work'
[2026-04-03 10:06:53Z INFO Runner] Validating directory permissions for: 'D:\코딩\mlops_sentiment_api\actions-runner\actions-runner\_work'
[2026-04-03 10:06:53Z INFO ConfigurationManager] LoadMigratedSettings
[2026-04-03 10:06:53Z INFO ConfigurationStore] IsMigratedConfigured()
[2026-04-03 10:06:53Z INFO ConfigurationStore] IsMigratedConfigured: False
[2026-04-03 10:06:53Z INFO Runner] Failed to load migrated settings: No migrated configuration found.
[2026-04-03 10:06:53Z INFO Runner] Falling back to original .runner settings
[2026-04-03 10:06:53Z INFO Runner] Using BrokerMessageListener
[2026-04-03 10:06:53Z INFO BrokerMessageListener] Using provided settings
[2026-04-03 10:06:53Z INFO BrokerMessageListener] {
  "AgentId": 3,
  "AgentName": "MINJIK",
  "PoolId": 1,
  "PoolName": "Default",
  "ServerUrl": "https://pipelinesghubeus2.actions.githubusercontent.com/z49N8K4gn7qMzcLyfyIpqMLYf9jT4Ucg5zUAjGS2CgmPKPzEWX/",
  "GitHubUrl": "https://github.com/minjik39/opensource-hw2",
  "WorkFolder": "_work",
  "UseV2Flow": true,
  "ServerUrlV2": "https://broker.actions.githubusercontent.com/"
}
[2026-04-03 10:06:53Z INFO BrokerMessageListener] Loading Credentials
[2026-04-03 10:06:53Z INFO ConfigurationStore] HasCredentials()
[2026-04-03 10:06:53Z INFO ConfigurationStore] stored True
[2026-04-03 10:06:53Z INFO CredentialManager] GetCredentialProvider
[2026-04-03 10:06:53Z INFO CredentialManager] Creating type OAuth
[2026-04-03 10:06:53Z INFO CredentialManager] Creating credential type: OAuth
[2026-04-03 10:06:53Z INFO HostContext] Well known directory 'Bin': 'D:\코딩\mlops_sentiment_api\actions-runner\actions-runner\bin'
[2026-04-03 10:06:53Z INFO HostContext] Well known directory 'Root': 'D:\코딩\mlops_sentiment_api\actions-runner\actions-runner'
[2026-04-03 10:06:53Z INFO HostContext] Well known config file 'RSACredentials': 'D:\코딩\mlops_sentiment_api\actions-runner\actions-runner\.credentials_rsaparams'
[2026-04-03 10:06:53Z INFO RSAEncryptedFileKeyManager] Loading RSA key parameters from file D:\코딩\mlops_sentiment_api\actions-runner\actions-runner\.credentials_rsaparams
[2026-04-03 10:06:53Z INFO BrokerMessageListener] Attempt to create session.
[2026-04-03 10:06:53Z INFO BrokerMessageListener] Connecting to the Broker Server...
[2026-04-03 10:06:53Z INFO ConfigurationStore] HasCredentials()
[2026-04-03 10:06:53Z INFO ConfigurationStore] stored True
[2026-04-03 10:06:53Z INFO CredentialManager] GetCredentialProvider
[2026-04-03 10:06:53Z INFO CredentialManager] Creating type OAuth
[2026-04-03 10:06:53Z INFO CredentialManager] Creating credential type: OAuth
[2026-04-03 10:06:53Z INFO RSAEncryptedFileKeyManager] Loading RSA key parameters from file D:\코딩\mlops_sentiment_api\actions-runner\actions-runner\.credentials_rsaparams
[2026-04-03 10:06:53Z INFO BrokerMessageListener] VssConnection created
[2026-04-03 10:06:53Z INFO BrokerMessageListener] Connecting to the Runner server...
[2026-04-03 10:06:53Z INFO RunnerServer] EstablishVssConnection
[2026-04-03 10:06:53Z INFO RunnerServer] Establish connection with 100 seconds timeout.
[2026-04-03 10:06:53Z INFO GitHubActionsService] Starting operation Location.GetConnectionData
[2026-04-03 10:06:53Z INFO RunnerServer] EstablishVssConnection
[2026-04-03 10:06:53Z INFO RunnerServer] Establish connection with 60 seconds timeout.
[2026-04-03 10:06:53Z INFO GitHubActionsService] Starting operation Location.GetConnectionData
[2026-04-03 10:06:53Z INFO RunnerServer] EstablishVssConnection
[2026-04-03 10:06:53Z INFO RunnerServer] Establish connection with 60 seconds timeout.
[2026-04-03 10:06:53Z INFO GitHubActionsService] Starting operation Location.GetConnectionData
[2026-04-03 10:06:53Z INFO GitHubActionsService] Finished operation Location.GetConnectionData
[2026-04-03 10:06:53Z INFO GitHubActionsService] Finished operation Location.GetConnectionData
[2026-04-03 10:06:54Z INFO GitHubActionsService] Finished operation Location.GetConnectionData
[2026-04-03 10:06:54Z INFO BrokerMessageListener] VssConnection created
[2026-04-03 10:06:54Z INFO Terminal] WRITE LINE: 
[2026-04-03 10:06:54Z INFO Terminal] WRITE LINE: 
[2026-04-03 10:06:54Z INFO RSAEncryptedFileKeyManager] Loading RSA key parameters from file D:\코딩\mlops_sentiment_api\actions-runner\actions-runner\.credentials_rsaparams
[2026-04-03 10:06:54Z INFO RSAEncryptedFileKeyManager] Loading RSA key parameters from file D:\코딩\mlops_sentiment_api\actions-runner\actions-runner\.credentials_rsaparams
[2026-04-03 10:06:54Z INFO GitHubActionsService] AAD Correlation ID for this token request: Unknown
[2026-04-03 10:06:55Z INFO BrokerMessageListener] Session created.
[2026-04-03 10:06:55Z INFO Terminal] WRITE LINE: Current runner version: '2.333.1'
[2026-04-03 10:06:55Z INFO Terminal] WRITE LINE: 2026-04-03 10:06:55Z: Listening for Jobs
[2026-04-03 10:06:55Z INFO JobDispatcher] Set runner/worker IPC timeout to 30 seconds.
