[2026-04-03 10:04:27Z INFO HostContext] No proxy settings were found based on environmental variables (http_proxy/https_proxy/HTTP_PROXY/HTTPS_PROXY)
[2026-04-03 10:04:27Z INFO HostContext] Well known directory 'Bin': 'D:\코딩\mlops_sentiment_api\actions-runner\actions-runner\bin'
[2026-04-03 10:04:27Z INFO HostContext] Well known directory 'Root': 'D:\코딩\mlops_sentiment_api\actions-runner\actions-runner'
[2026-04-03 10:04:27Z INFO HostContext] Well known config file 'Credentials': 'D:\코딩\mlops_sentiment_api\actions-runner\actions-runner\.credentials'
[2026-04-03 10:04:27Z INFO HostContext] Well known directory 'Bin': 'D:\코딩\mlops_sentiment_api\actions-runner\actions-runner\bin'
[2026-04-03 10:04:27Z INFO HostContext] Well known directory 'Root': 'D:\코딩\mlops_sentiment_api\actions-runner\actions-runner'
[2026-04-03 10:04:27Z INFO HostContext] Well known config file 'Runner': 'D:\코딩\mlops_sentiment_api\actions-runner\actions-runner\.runner'
[2026-04-03 10:04:27Z INFO Listener] Runner is built for Windows (X64) - win-x64.
[2026-04-03 10:04:27Z INFO Listener] RuntimeInformation: Microsoft Windows 10.0.26200.
[2026-04-03 10:04:27Z INFO Listener] Version: 2.333.1
[2026-04-03 10:04:27Z INFO Listener] Commit: 6792966801e8925346735b68c03bf9f347af4646
[2026-04-03 10:04:27Z INFO Listener] Culture: ko-KR
[2026-04-03 10:04:27Z INFO Listener] UI Culture: ko-KR
[2026-04-03 10:04:27Z INFO HostContext] Well known directory 'Bin': 'D:\코딩\mlops_sentiment_api\actions-runner\actions-runner\bin'
[2026-04-03 10:04:27Z INFO HostContext] Well known directory 'Root': 'D:\코딩\mlops_sentiment_api\actions-runner\actions-runner'
[2026-04-03 10:04:27Z INFO Listener] Validating directory permissions for: 'D:\코딩\mlops_sentiment_api\actions-runner\actions-runner'
[2026-04-03 10:04:27Z INFO CommandLineParser] Parse
[2026-04-03 10:04:27Z INFO CommandLineParser] Parsing 5 args
[2026-04-03 10:04:27Z INFO CommandLineParser] parsing argument
[2026-04-03 10:04:27Z INFO CommandLineParser] HasArgs: False
[2026-04-03 10:04:27Z INFO CommandLineParser] Adding Command: configure
[2026-04-03 10:04:27Z INFO CommandLineParser] parsing argument
[2026-04-03 10:04:27Z INFO CommandLineParser] HasArgs: True
[2026-04-03 10:04:27Z INFO CommandLineParser] arg: url
[2026-04-03 10:04:27Z INFO CommandLineParser] parsing argument
[2026-04-03 10:04:27Z INFO CommandLineParser] HasArgs: True
[2026-04-03 10:04:27Z INFO CommandLineParser] Adding option 'url': 'https://github.com/minjik39/opensource-hw2'
[2026-04-03 10:04:27Z INFO CommandLineParser] parsing argument
[2026-04-03 10:04:27Z INFO CommandLineParser] HasArgs: True
[2026-04-03 10:04:27Z INFO CommandLineParser] arg: token
[2026-04-03 10:04:27Z INFO CommandLineParser] parsing argument
[2026-04-03 10:04:27Z INFO CommandLineParser] HasArgs: True
[2026-04-03 10:04:27Z INFO CommandLineParser] Adding option 'token': '***'
[2026-04-03 10:04:27Z INFO Listener] Arguments parsed
[2026-04-03 10:04:27Z INFO Runner] ExecuteCommand
[2026-04-03 10:04:27Z INFO ConfigurationStore] currentAssemblyLocation: D:\코딩\mlops_sentiment_api\actions-runner\actions-runner\bin\Runner.Listener.dll
[2026-04-03 10:04:27Z INFO HostContext] Well known directory 'Bin': 'D:\코딩\mlops_sentiment_api\actions-runner\actions-runner\bin'
[2026-04-03 10:04:27Z INFO ConfigurationStore] binPath: D:\코딩\mlops_sentiment_api\actions-runner\actions-runner\bin
[2026-04-03 10:04:27Z INFO HostContext] Well known directory 'Bin': 'D:\코딩\mlops_sentiment_api\actions-runner\actions-runner\bin'
[2026-04-03 10:04:27Z INFO HostContext] Well known directory 'Root': 'D:\코딩\mlops_sentiment_api\actions-runner\actions-runner'
[2026-04-03 10:04:27Z INFO ConfigurationStore] RootFolder: D:\코딩\mlops_sentiment_api\actions-runner\actions-runner
[2026-04-03 10:04:27Z INFO HostContext] Well known directory 'Bin': 'D:\코딩\mlops_sentiment_api\actions-runner\actions-runner\bin'
[2026-04-03 10:04:27Z INFO HostContext] Well known directory 'Root': 'D:\코딩\mlops_sentiment_api\actions-runner\actions-runner'
[2026-04-03 10:04:27Z INFO HostContext] Well known config file 'Runner': 'D:\코딩\mlops_sentiment_api\actions-runner\actions-runner\.runner'
[2026-04-03 10:04:27Z INFO ConfigurationStore] ConfigFilePath: D:\코딩\mlops_sentiment_api\actions-runner\actions-runner\.runner
[2026-04-03 10:04:27Z INFO HostContext] Well known directory 'Bin': 'D:\코딩\mlops_sentiment_api\actions-runner\actions-runner\bin'
[2026-04-03 10:04:27Z INFO HostContext] Well known directory 'Root': 'D:\코딩\mlops_sentiment_api\actions-runner\actions-runner'
[2026-04-03 10:04:27Z INFO HostContext] Well known config file 'MigratedRunner': 'D:\코딩\mlops_sentiment_api\actions-runner\actions-runner\.runner_migrated'
[2026-04-03 10:04:27Z INFO ConfigurationStore] MigratedConfigFilePath: D:\코딩\mlops_sentiment_api\actions-runner\actions-runner\.runner_migrated
[2026-04-03 10:04:27Z INFO HostContext] Well known directory 'Bin': 'D:\코딩\mlops_sentiment_api\actions-runner\actions-runner\bin'
[2026-04-03 10:04:27Z INFO HostContext] Well known directory 'Root': 'D:\코딩\mlops_sentiment_api\actions-runner\actions-runner'
[2026-04-03 10:04:27Z INFO HostContext] Well known config file 'Credentials': 'D:\코딩\mlops_sentiment_api\actions-runner\actions-runner\.credentials'
[2026-04-03 10:04:27Z INFO ConfigurationStore] CredFilePath: D:\코딩\mlops_sentiment_api\actions-runner\actions-runner\.credentials
[2026-04-03 10:04:27Z INFO HostContext] Well known directory 'Bin': 'D:\코딩\mlops_sentiment_api\actions-runner\actions-runner\bin'
[2026-04-03 10:04:27Z INFO HostContext] Well known directory 'Root': 'D:\코딩\mlops_sentiment_api\actions-runner\actions-runner'
[2026-04-03 10:04:27Z INFO HostContext] Well known config file 'MigratedCredentials': 'D:\코딩\mlops_sentiment_api\actions-runner\actions-runner\.credentials_migrated'
[2026-04-03 10:04:27Z INFO ConfigurationStore] MigratedCredFilePath: D:\코딩\mlops_sentiment_api\actions-runner\actions-runner\.credentials_migrated
[2026-04-03 10:04:27Z INFO HostContext] Well known directory 'Bin': 'D:\코딩\mlops_sentiment_api\actions-runner\actions-runner\bin'
[2026-04-03 10:04:27Z INFO HostContext] Well known directory 'Root': 'D:\코딩\mlops_sentiment_api\actions-runner\actions-runner'
[2026-04-03 10:04:27Z INFO HostContext] Well known config file 'Service': 'D:\코딩\mlops_sentiment_api\actions-runner\actions-runner\.service'
[2026-04-03 10:04:27Z INFO ConfigurationStore] ServiceConfigFilePath: D:\코딩\mlops_sentiment_api\actions-runner\actions-runner\.service
[2026-04-03 10:04:27Z INFO CommandSettings] Flag 'help': 'False'
[2026-04-03 10:04:27Z INFO CommandSettings] Flag 'version': 'False'
[2026-04-03 10:04:27Z INFO CommandSettings] Flag 'commit': 'False'
[2026-04-03 10:04:27Z INFO CommandSettings] Flag 'check': 'False'
[2026-04-03 10:04:27Z INFO CommandSettings] Command 'configure': 'True'
[2026-04-03 10:04:27Z INFO Terminal] WRITE LINE: 
[2026-04-03 10:04:27Z INFO Terminal] WRITE LINE: --------------------------------------------------------------------------------
[2026-04-03 10:04:27Z INFO Terminal] WRITE LINE: |        ____ _ _   _   _       _          _        _   _                      |
[2026-04-03 10:04:27Z INFO Terminal] WRITE LINE: |       / ___(_) |_| | | |_   _| |__      / \   ___| |_(_) ___  _ __  ___      |
[2026-04-03 10:04:27Z INFO Terminal] WRITE LINE: |      | |  _| | __| |_| | | | | '_ \    / _ \ / __| __| |/ _ \| '_ \/ __|     |
[2026-04-03 10:04:27Z INFO Terminal] WRITE LINE: |      | |_| | | |_|  _  | |_| | |_) |  / ___ \ (__| |_| | (_) | | | \__ \     |
[2026-04-03 10:04:27Z INFO Terminal] WRITE LINE: |       \____|_|\__|_| |_|\__,_|_.__/  /_/   \_\___|\__|_|\___/|_| |_|___/     |
[2026-04-03 10:04:27Z INFO Terminal] WRITE LINE: |                                                                              |
[2026-04-03 10:04:27Z INFO Terminal] WRITE: |                       
[2026-04-03 10:04:27Z INFO Terminal] WRITE: Self-hosted runner registration
[2026-04-03 10:04:27Z INFO Terminal] WRITE LINE:                         |
[2026-04-03 10:04:27Z INFO Terminal] WRITE LINE: |                                                                              |
[2026-04-03 10:04:27Z INFO Terminal] WRITE LINE: --------------------------------------------------------------------------------
[2026-04-03 10:04:27Z INFO ConfigurationManager] ConfigureAsync
[2026-04-03 10:04:27Z INFO CommandSettings] Flag 'generateServiceConfig': 'False'
[2026-04-03 10:04:27Z INFO ConfigurationStore] IsConfigured()
[2026-04-03 10:04:27Z INFO ConfigurationStore] IsConfigured: True
[2026-04-03 10:04:27Z INFO ConfigurationManager] Is configured: True
[2026-04-03 10:04:28Z ERR  Runner] System.InvalidOperationException: Cannot configure the runner because it is already configured. To reconfigure the runner, run 'config.cmd remove' or './config.sh remove' first.
   at GitHub.Runner.Listener.Configuration.ConfigurationManager.ConfigureAsync(CommandSettings command)
   at GitHub.Runner.Listener.Runner.ExecuteCommand(CommandSettings command)
[2026-04-03 10:04:28Z ERR  Terminal] WRITE ERROR: Cannot configure the runner because it is already configured. To reconfigure the runner, run 'config.cmd remove' or './config.sh remove' first.
[2026-04-03 10:04:28Z INFO Listener] Runner execution has finished with return code 1
