[2026-04-03 09:04:48Z INFO HostContext] No proxy settings were found based on environmental variables (http_proxy/https_proxy/HTTP_PROXY/HTTPS_PROXY)
[2026-04-03 09:04:48Z INFO HostContext] Well known directory 'Bin': 'D:\코딩\mlops_sentiment_api\actions-runner\bin'
[2026-04-03 09:04:48Z INFO HostContext] Well known directory 'Root': 'D:\코딩\mlops_sentiment_api\actions-runner'
[2026-04-03 09:04:48Z INFO HostContext] Well known config file 'Credentials': 'D:\코딩\mlops_sentiment_api\actions-runner\.credentials'
[2026-04-03 09:04:48Z INFO HostContext] Well known directory 'Bin': 'D:\코딩\mlops_sentiment_api\actions-runner\bin'
[2026-04-03 09:04:48Z INFO HostContext] Well known directory 'Root': 'D:\코딩\mlops_sentiment_api\actions-runner'
[2026-04-03 09:04:48Z INFO HostContext] Well known config file 'Runner': 'D:\코딩\mlops_sentiment_api\actions-runner\.runner'
[2026-04-03 09:04:48Z INFO Listener] Runner is built for Windows (X64) - win-x64.
[2026-04-03 09:04:48Z INFO Listener] RuntimeInformation: Microsoft Windows 10.0.26200.
[2026-04-03 09:04:48Z INFO Listener] Version: 2.333.1
[2026-04-03 09:04:48Z INFO Listener] Commit: 6792966801e8925346735b68c03bf9f347af4646
[2026-04-03 09:04:48Z INFO Listener] Culture: ko-KR
[2026-04-03 09:04:48Z INFO Listener] UI Culture: ko-KR
[2026-04-03 09:04:48Z INFO HostContext] Well known directory 'Bin': 'D:\코딩\mlops_sentiment_api\actions-runner\bin'
[2026-04-03 09:04:48Z INFO HostContext] Well known directory 'Root': 'D:\코딩\mlops_sentiment_api\actions-runner'
[2026-04-03 09:04:48Z INFO Listener] Validating directory permissions for: 'D:\코딩\mlops_sentiment_api\actions-runner'
[2026-04-03 09:04:48Z INFO CommandLineParser] Parse
[2026-04-03 09:04:48Z INFO CommandLineParser] Parsing 5 args
[2026-04-03 09:04:48Z INFO CommandLineParser] parsing argument
[2026-04-03 09:04:48Z INFO CommandLineParser] HasArgs: False
[2026-04-03 09:04:48Z INFO CommandLineParser] Adding Command: configure
[2026-04-03 09:04:48Z INFO CommandLineParser] parsing argument
[2026-04-03 09:04:48Z INFO CommandLineParser] HasArgs: True
[2026-04-03 09:04:48Z INFO CommandLineParser] arg: url
[2026-04-03 09:04:48Z INFO CommandLineParser] parsing argument
[2026-04-03 09:04:48Z INFO CommandLineParser] HasArgs: True
[2026-04-03 09:04:48Z INFO CommandLineParser] Adding option 'url': 'https://github.com/minjik39/opensource-hw2'
[2026-04-03 09:04:48Z INFO CommandLineParser] parsing argument
[2026-04-03 09:04:48Z INFO CommandLineParser] HasArgs: True
[2026-04-03 09:04:48Z INFO CommandLineParser] arg: token
[2026-04-03 09:04:48Z INFO CommandLineParser] parsing argument
[2026-04-03 09:04:48Z INFO CommandLineParser] HasArgs: True
[2026-04-03 09:04:48Z INFO CommandLineParser] Adding option 'token': '***'
[2026-04-03 09:04:48Z INFO Listener] Arguments parsed
[2026-04-03 09:04:48Z INFO Runner] ExecuteCommand
[2026-04-03 09:04:48Z INFO ConfigurationStore] currentAssemblyLocation: D:\코딩\mlops_sentiment_api\actions-runner\bin\Runner.Listener.dll
[2026-04-03 09:04:48Z INFO HostContext] Well known directory 'Bin': 'D:\코딩\mlops_sentiment_api\actions-runner\bin'
[2026-04-03 09:04:48Z INFO ConfigurationStore] binPath: D:\코딩\mlops_sentiment_api\actions-runner\bin
[2026-04-03 09:04:48Z INFO HostContext] Well known directory 'Bin': 'D:\코딩\mlops_sentiment_api\actions-runner\bin'
[2026-04-03 09:04:48Z INFO HostContext] Well known directory 'Root': 'D:\코딩\mlops_sentiment_api\actions-runner'
[2026-04-03 09:04:48Z INFO ConfigurationStore] RootFolder: D:\코딩\mlops_sentiment_api\actions-runner
[2026-04-03 09:04:48Z INFO HostContext] Well known directory 'Bin': 'D:\코딩\mlops_sentiment_api\actions-runner\bin'
[2026-04-03 09:04:48Z INFO HostContext] Well known directory 'Root': 'D:\코딩\mlops_sentiment_api\actions-runner'
[2026-04-03 09:04:48Z INFO HostContext] Well known config file 'Runner': 'D:\코딩\mlops_sentiment_api\actions-runner\.runner'
[2026-04-03 09:04:48Z INFO ConfigurationStore] ConfigFilePath: D:\코딩\mlops_sentiment_api\actions-runner\.runner
[2026-04-03 09:04:48Z INFO HostContext] Well known directory 'Bin': 'D:\코딩\mlops_sentiment_api\actions-runner\bin'
[2026-04-03 09:04:48Z INFO HostContext] Well known directory 'Root': 'D:\코딩\mlops_sentiment_api\actions-runner'
[2026-04-03 09:04:48Z INFO HostContext] Well known config file 'MigratedRunner': 'D:\코딩\mlops_sentiment_api\actions-runner\.runner_migrated'
[2026-04-03 09:04:48Z INFO ConfigurationStore] MigratedConfigFilePath: D:\코딩\mlops_sentiment_api\actions-runner\.runner_migrated
[2026-04-03 09:04:48Z INFO HostContext] Well known directory 'Bin': 'D:\코딩\mlops_sentiment_api\actions-runner\bin'
[2026-04-03 09:04:48Z INFO HostContext] Well known directory 'Root': 'D:\코딩\mlops_sentiment_api\actions-runner'
[2026-04-03 09:04:48Z INFO HostContext] Well known config file 'Credentials': 'D:\코딩\mlops_sentiment_api\actions-runner\.credentials'
[2026-04-03 09:04:48Z INFO ConfigurationStore] CredFilePath: D:\코딩\mlops_sentiment_api\actions-runner\.credentials
[2026-04-03 09:04:48Z INFO HostContext] Well known directory 'Bin': 'D:\코딩\mlops_sentiment_api\actions-runner\bin'
[2026-04-03 09:04:48Z INFO HostContext] Well known directory 'Root': 'D:\코딩\mlops_sentiment_api\actions-runner'
[2026-04-03 09:04:48Z INFO HostContext] Well known config file 'MigratedCredentials': 'D:\코딩\mlops_sentiment_api\actions-runner\.credentials_migrated'
[2026-04-03 09:04:48Z INFO ConfigurationStore] MigratedCredFilePath: D:\코딩\mlops_sentiment_api\actions-runner\.credentials_migrated
[2026-04-03 09:04:48Z INFO HostContext] Well known directory 'Bin': 'D:\코딩\mlops_sentiment_api\actions-runner\bin'
[2026-04-03 09:04:48Z INFO HostContext] Well known directory 'Root': 'D:\코딩\mlops_sentiment_api\actions-runner'
[2026-04-03 09:04:48Z INFO HostContext] Well known config file 'Service': 'D:\코딩\mlops_sentiment_api\actions-runner\.service'
[2026-04-03 09:04:48Z INFO ConfigurationStore] ServiceConfigFilePath: D:\코딩\mlops_sentiment_api\actions-runner\.service
[2026-04-03 09:04:48Z INFO CommandSettings] Flag 'help': 'False'
[2026-04-03 09:04:48Z INFO CommandSettings] Flag 'version': 'False'
[2026-04-03 09:04:48Z INFO CommandSettings] Flag 'commit': 'False'
[2026-04-03 09:04:48Z INFO CommandSettings] Flag 'check': 'False'
[2026-04-03 09:04:49Z INFO CommandSettings] Command 'configure': 'True'
[2026-04-03 09:04:49Z INFO Terminal] WRITE LINE: 
[2026-04-03 09:04:49Z INFO Terminal] WRITE LINE: --------------------------------------------------------------------------------
[2026-04-03 09:04:49Z INFO Terminal] WRITE LINE: |        ____ _ _   _   _       _          _        _   _                      |
[2026-04-03 09:04:49Z INFO Terminal] WRITE LINE: |       / ___(_) |_| | | |_   _| |__      / \   ___| |_(_) ___  _ __  ___      |
[2026-04-03 09:04:49Z INFO Terminal] WRITE LINE: |      | |  _| | __| |_| | | | | '_ \    / _ \ / __| __| |/ _ \| '_ \/ __|     |
[2026-04-03 09:04:49Z INFO Terminal] WRITE LINE: |      | |_| | | |_|  _  | |_| | |_) |  / ___ \ (__| |_| | (_) | | | \__ \     |
[2026-04-03 09:04:49Z INFO Terminal] WRITE LINE: |       \____|_|\__|_| |_|\__,_|_.__/  /_/   \_\___|\__|_|\___/|_| |_|___/     |
[2026-04-03 09:04:49Z INFO Terminal] WRITE LINE: |                                                                              |
[2026-04-03 09:04:49Z INFO Terminal] WRITE: |                       
[2026-04-03 09:04:49Z INFO Terminal] WRITE: Self-hosted runner registration
[2026-04-03 09:04:49Z INFO Terminal] WRITE LINE:                         |
[2026-04-03 09:04:49Z INFO Terminal] WRITE LINE: |                                                                              |
[2026-04-03 09:04:49Z INFO Terminal] WRITE LINE: --------------------------------------------------------------------------------
[2026-04-03 09:04:49Z INFO ConfigurationManager] ConfigureAsync
[2026-04-03 09:04:49Z INFO CommandSettings] Flag 'generateServiceConfig': 'False'
[2026-04-03 09:04:49Z INFO ConfigurationStore] IsConfigured()
[2026-04-03 09:04:49Z INFO ConfigurationStore] IsConfigured: False
[2026-04-03 09:04:49Z INFO ConfigurationManager] Is configured: False
[2026-04-03 09:04:49Z INFO CommandSettings] Arg 'url': 'https://github.com/minjik39/opensource-hw2'
[2026-04-03 09:04:49Z INFO CommandSettings] Remove url from Arg dictionary.
[2026-04-03 09:04:49Z INFO CommandSettings] Arg 'token': '***'
[2026-04-03 09:04:49Z INFO CommandSettings] Remove token from Arg dictionary.
[2026-04-03 09:04:49Z INFO ConfigurationManager] Http response code: OK from 'POST https://api.github.com/actions/runner-registration' (2941:378175:45B0F3:508DC8:69CF822B)
[2026-04-03 09:04:49Z INFO ConfigurationManager] Using runner-admin flow: False
[2026-04-03 09:04:49Z INFO ConfigurationManager] cred retrieved via GitHub auth
[2026-04-03 09:04:49Z INFO RunnerServer] EstablishVssConnection
[2026-04-03 09:04:49Z INFO RunnerServer] Establish connection with 100 seconds timeout.
[2026-04-03 09:04:49Z INFO GitHubActionsService] Starting operation Location.GetConnectionData
[2026-04-03 09:04:49Z INFO RunnerServer] EstablishVssConnection
[2026-04-03 09:04:49Z INFO RunnerServer] Establish connection with 60 seconds timeout.
[2026-04-03 09:04:49Z INFO GitHubActionsService] Starting operation Location.GetConnectionData
[2026-04-03 09:04:49Z INFO RunnerServer] EstablishVssConnection
[2026-04-03 09:04:49Z INFO RunnerServer] Establish connection with 60 seconds timeout.
[2026-04-03 09:04:49Z INFO GitHubActionsService] Starting operation Location.GetConnectionData
[2026-04-03 09:04:50Z INFO GitHubActionsService] Finished operation Location.GetConnectionData
[2026-04-03 09:04:50Z INFO GitHubActionsService] Finished operation Location.GetConnectionData
[2026-04-03 09:04:50Z INFO GitHubActionsService] Finished operation Location.GetConnectionData
[2026-04-03 09:04:50Z INFO Terminal] WRITE LINE: 
[2026-04-03 09:04:50Z INFO ConfigurationManager] Test Connection complete.
[2026-04-03 09:04:50Z INFO HostContext] Well known directory 'Bin': 'D:\코딩\mlops_sentiment_api\actions-runner\bin'
[2026-04-03 09:04:50Z INFO HostContext] Well known directory 'Root': 'D:\코딩\mlops_sentiment_api\actions-runner'
[2026-04-03 09:04:50Z INFO HostContext] Well known config file 'RSACredentials': 'D:\코딩\mlops_sentiment_api\actions-runner\.credentials_rsaparams'
[2026-04-03 09:04:50Z INFO RSAEncryptedFileKeyManager] Creating new RSA key using 2048-bit key length
[2026-04-03 09:04:51Z INFO RSAEncryptedFileKeyManager] Successfully saved RSA key parameters to file D:\코딩\mlops_sentiment_api\actions-runner\.credentials_rsaparams
[2026-04-03 09:04:51Z INFO CommandSettings] Arg 'runnergroup': ''
[2026-04-03 09:04:51Z INFO CommandSettings] Flag 'unattended': 'False'
[2026-04-03 09:04:51Z INFO PromptManager] ReadValue
[2026-04-03 09:04:51Z INFO Terminal] WRITE: Enter the name of the runner group to add this runner to: 
[2026-04-03 09:04:51Z INFO Terminal] WRITE: [press Enter for Default] 
[2026-04-03 09:04:51Z INFO Terminal] READ LINE
[2026-04-03 09:04:55Z INFO Terminal] Read value: ''
[2026-04-03 09:04:55Z INFO PromptManager] Falling back to the default: 'Default'
[2026-04-03 09:04:55Z INFO Terminal] WRITE LINE: 
[2026-04-03 09:04:55Z INFO ConfigurationManager] Found a self-hosted runner group with id 1 and name Default
[2026-04-03 09:04:55Z INFO CommandSettings] Flag 'disableupdate': 'False'
[2026-04-03 09:04:55Z INFO CommandSettings] Flag 'ephemeral': 'False'
[2026-04-03 09:04:55Z INFO CommandSettings] Arg 'name': ''
[2026-04-03 09:04:55Z INFO CommandSettings] Flag 'unattended': 'False'
[2026-04-03 09:04:55Z INFO PromptManager] ReadValue
[2026-04-03 09:04:55Z INFO Terminal] WRITE: Enter the name of runner: 
[2026-04-03 09:04:55Z INFO Terminal] WRITE: [press Enter for MINJIK] 
[2026-04-03 09:04:55Z INFO Terminal] READ LINE
[2026-04-03 09:04:59Z INFO Terminal] Read value: ''
[2026-04-03 09:04:59Z INFO PromptManager] Falling back to the default: 'MINJIK'
[2026-04-03 09:04:59Z INFO Terminal] WRITE LINE: 
[2026-04-03 09:04:59Z INFO CommandSettings] Arg 'labels': ''
[2026-04-03 09:04:59Z INFO CommandSettings] Flag 'unattended': 'False'
[2026-04-03 09:04:59Z INFO PromptManager] ReadValue
[2026-04-03 09:04:59Z INFO Terminal] WRITE: This runner will have the following labels: 'self-hosted', 'Windows', 'X64' 
Enter any additional labels (ex. label-1,label-2): 
[2026-04-03 09:04:59Z INFO Terminal] WRITE: [press Enter to skip] 
[2026-04-03 09:04:59Z INFO Terminal] READ LINE
[2026-04-03 09:05:03Z INFO Terminal] Read value: ''
[2026-04-03 09:05:03Z INFO Terminal] WRITE LINE: 
[2026-04-03 09:05:03Z INFO CommandSettings] Flag 'disableupdate': 'False'
[2026-04-03 09:05:03Z INFO CommandSettings] Flag 'no-default-labels': 'False'
[2026-04-03 09:05:04Z INFO CommandSettings] Flag 'disableupdate': 'False'
[2026-04-03 09:05:04Z INFO CommandSettings] Flag 'ephemeral': 'False'
[2026-04-03 09:05:04Z INFO ConfigurationStore] Saving OAuth credential @ D:\코딩\mlops_sentiment_api\actions-runner\.credentials
[2026-04-03 09:05:04Z INFO ConfigurationStore] Credentials Saved.
[2026-04-03 09:05:04Z INFO ConfigurationManager] Service enforced serverUrlV2: https://broker.actions.githubusercontent.com/
[2026-04-03 09:05:04Z INFO ConfigurationManager] Service enforced useV2Flow: True
[2026-04-03 09:05:04Z INFO CommandSettings] Arg 'work': ''
[2026-04-03 09:05:04Z INFO CommandSettings] Flag 'unattended': 'False'
[2026-04-03 09:05:04Z INFO PromptManager] ReadValue
[2026-04-03 09:05:04Z INFO Terminal] WRITE: Enter name of work folder: 
[2026-04-03 09:05:04Z INFO Terminal] WRITE: [press Enter for _work] 
[2026-04-03 09:05:04Z INFO Terminal] READ LINE
[2026-04-03 09:05:07Z INFO Terminal] Read value: ''
[2026-04-03 09:05:07Z INFO PromptManager] Falling back to the default: '_work'
[2026-04-03 09:05:07Z INFO ConfigurationStore] Saving runner settings.
[2026-04-03 09:05:07Z INFO ConfigurationStore] Settings Saved.
[2026-04-03 09:05:07Z INFO Terminal] WRITE LINE: 
[2026-04-03 09:05:07Z INFO Terminal] WRITE LINE: 
[2026-04-03 09:05:07Z INFO CommandSettings] Flag 'runasservice': 'False'
[2026-04-03 09:05:07Z INFO CommandSettings] Flag 'unattended': 'False'
[2026-04-03 09:05:07Z INFO PromptManager] ReadValue
[2026-04-03 09:05:07Z INFO Terminal] WRITE: Would you like to run the runner as service? (Y/N) 
[2026-04-03 09:05:07Z INFO Terminal] WRITE: [press Enter for N] 
[2026-04-03 09:05:07Z INFO Terminal] READ LINE
[2026-04-03 09:05:14Z INFO Terminal] Read value: 'y'
[2026-04-03 09:05:14Z INFO ConfigurationManager] Configuring to run the agent as service
[2026-04-03 09:05:14Z INFO CommandSettings] Arg 'windowslogonaccount': ''
[2026-04-03 09:05:14Z INFO CommandSettings] Flag 'unattended': 'False'
[2026-04-03 09:05:14Z INFO PromptManager] ReadValue
[2026-04-03 09:05:14Z INFO Terminal] WRITE: User account to use for the service 
[2026-04-03 09:05:14Z INFO Terminal] WRITE: [press Enter for NT AUTHORITY\NETWORK SERVICE] 
[2026-04-03 09:05:14Z INFO Terminal] READ LINE
[2026-04-03 09:05:17Z INFO Terminal] Read value: ''
[2026-04-03 09:05:17Z INFO PromptManager] Falling back to the default: 'NT AUTHORITY\NETWORK SERVICE'
[2026-04-03 09:05:17Z INFO WindowsServiceControlManager] LogonAccount after transforming: NT AUTHORITY\NETWORK SERVICE, user: NETWORK SERVICE, domain: NT AUTHORITY
[2026-04-03 09:05:17Z INFO WindowsServiceControlManager] Service name 'actions.runner.minjik39-opensource-hw2.MINJIK' display name 'GitHub Actions Runner (minjik39-opensource-hw2.MINJIK)' will be used for service configuration.
[2026-04-03 09:05:17Z INFO WindowsServiceControlManager] Verifying if the account has LogonAsService permission
[2026-04-03 09:05:17Z INFO NativeWindowsServiceHelper] Successfully grant logon as service privilege to account 'NETWORK SERVICE'
[2026-04-03 09:05:17Z INFO WindowsServiceControlManager] Create local group and grant folder permission to service logon account.
[2026-04-03 09:05:17Z INFO HostContext] Well known directory 'Bin': 'D:\코딩\mlops_sentiment_api\actions-runner\bin'
[2026-04-03 09:05:17Z INFO HostContext] Well known directory 'Root': 'D:\코딩\mlops_sentiment_api\actions-runner'
[2026-04-03 09:05:17Z INFO ConfigurationStore] Read setting file: 392 chars
[2026-04-03 09:05:17Z INFO HostContext] Well known directory 'Bin': 'D:\코딩\mlops_sentiment_api\actions-runner\bin'
[2026-04-03 09:05:17Z INFO HostContext] Well known directory 'Root': 'D:\코딩\mlops_sentiment_api\actions-runner'
[2026-04-03 09:05:17Z INFO HostContext] Well known directory 'Work': 'D:\코딩\mlops_sentiment_api\actions-runner\_work'
[2026-04-03 09:05:17Z INFO HostContext] Well known directory 'Bin': 'D:\코딩\mlops_sentiment_api\actions-runner\bin'
[2026-04-03 09:05:17Z INFO NativeWindowsServiceHelper] Calculated unique group name GITHUB_ActionsRunner_G38c46
[2026-04-03 09:05:17Z INFO NativeWindowsServiceHelper] Trying to create group GITHUB_ActionsRunner_G38c46
[2026-04-03 09:05:17Z INFO NativeWindowsServiceHelper] Local Group 'GITHUB_ActionsRunner_G38c46' created
[2026-04-03 09:05:17Z INFO NativeWindowsServiceHelper] Trying to add userName NT AUTHORITY\NETWORK SERVICE to the group GITHUB_ActionsRunner_G38c46
[2026-04-03 09:05:17Z INFO NativeWindowsServiceHelper] Account 'NT AUTHORITY\NETWORK SERVICE' is added to local group 'GITHUB_ActionsRunner_G38c46'.
[2026-04-03 09:05:17Z INFO NativeWindowsServiceHelper] Set full access control to group for the folder D:\코딩\mlops_sentiment_api\actions-runner
[2026-04-03 09:05:17Z INFO NativeWindowsServiceHelper] Set full access control to group for the folder D:\코딩\mlops_sentiment_api\actions-runner\_work
[2026-04-03 09:05:17Z INFO NativeWindowsServiceHelper] Local group 'GITHUB_ActionsRunner_G38c46' already has full control to path 'D:\코딩\mlops_sentiment_api\actions-runner\_work'.
[2026-04-03 09:05:17Z INFO Terminal] WRITE LINE: Granting file permissions to 'NT AUTHORITY\NETWORK SERVICE'.
[2026-04-03 09:05:17Z INFO HostContext] Well known directory 'Bin': 'D:\코딩\mlops_sentiment_api\actions-runner\bin'
[2026-04-03 09:05:17Z INFO ProcessInvokerWrapper] Starting process:
[2026-04-03 09:05:17Z INFO ProcessInvokerWrapper]   File name: '"D:\코딩\mlops_sentiment_api\actions-runner\bin\RunnerService.exe"'
[2026-04-03 09:05:17Z INFO ProcessInvokerWrapper]   Arguments: 'init'
[2026-04-03 09:05:17Z INFO ProcessInvokerWrapper]   Working directory: ''
[2026-04-03 09:05:17Z INFO ProcessInvokerWrapper]   Require exit code zero: 'True'
[2026-04-03 09:05:17Z INFO ProcessInvokerWrapper]   Encoding web name:  ; code page: ''
[2026-04-03 09:05:17Z INFO ProcessInvokerWrapper]   Force kill process on cancellation: 'False'
[2026-04-03 09:05:17Z INFO ProcessInvokerWrapper]   Redirected STDIN: 'False'
[2026-04-03 09:05:17Z INFO ProcessInvokerWrapper]   Persist current code page: 'False'
[2026-04-03 09:05:17Z INFO ProcessInvokerWrapper]   Keep redirected STDIN open: 'False'
[2026-04-03 09:05:17Z INFO ProcessInvokerWrapper]   High priority process: 'False'
[2026-04-03 09:05:17Z INFO ProcessInvokerWrapper] Process started with process id 5480, waiting for process exit.
[2026-04-03 09:05:17Z INFO ProcessInvokerWrapper] STDOUT/STDERR stream read finished.
[2026-04-03 09:05:17Z INFO ProcessInvokerWrapper] STDOUT/STDERR stream read finished.
[2026-04-03 09:05:17Z INFO ProcessInvokerWrapper] Finished process 5480 with exit code 0, and elapsed time 00:00:00.1012445.
[2026-04-03 09:05:17Z INFO Terminal] WRITE LINE: Service actions.runner.minjik39-opensource-hw2.MINJIK successfully installed
[2026-04-03 09:05:17Z INFO Terminal] WRITE LINE: Service actions.runner.minjik39-opensource-hw2.MINJIK successfully set recovery option
[2026-04-03 09:05:17Z INFO Terminal] WRITE LINE: Service actions.runner.minjik39-opensource-hw2.MINJIK successfully set to delayed auto start
[2026-04-03 09:05:17Z INFO Terminal] WRITE LINE: Service actions.runner.minjik39-opensource-hw2.MINJIK successfully configured
[2026-04-03 09:05:17Z INFO HostContext] Well known directory 'Bin': 'D:\코딩\mlops_sentiment_api\actions-runner\bin'
[2026-04-03 09:05:17Z INFO HostContext] Well known directory 'Root': 'D:\코딩\mlops_sentiment_api\actions-runner'
[2026-04-03 09:05:17Z INFO HostContext] Well known config file 'Service': 'D:\코딩\mlops_sentiment_api\actions-runner\.service'
[2026-04-03 09:05:17Z INFO WindowsServiceControlManager] Configuration was successful, trying to start the service
[2026-04-03 09:05:17Z INFO Terminal] WRITE LINE: Waiting for service to start...
[2026-04-03 09:05:17Z INFO Terminal] WRITE LINE: Service actions.runner.minjik39-opensource-hw2.MINJIK started successfully
[2026-04-03 09:05:17Z INFO Listener] Runner execution has finished with return code 0
