[2026-04-03 09:52:04Z INFO HostContext] No proxy settings were found based on environmental variables (http_proxy/https_proxy/HTTP_PROXY/HTTPS_PROXY)
[2026-04-03 09:52:04Z INFO HostContext] Well known directory 'Bin': 'D:\코딩\mlops_sentiment_api\actions-runner\bin'
[2026-04-03 09:52:04Z INFO HostContext] Well known directory 'Root': 'D:\코딩\mlops_sentiment_api\actions-runner'
[2026-04-03 09:52:04Z INFO HostContext] Well known config file 'Credentials': 'D:\코딩\mlops_sentiment_api\actions-runner\.credentials'
[2026-04-03 09:52:05Z INFO HostContext] Well known directory 'Bin': 'D:\코딩\mlops_sentiment_api\actions-runner\bin'
[2026-04-03 09:52:05Z INFO HostContext] Well known directory 'Root': 'D:\코딩\mlops_sentiment_api\actions-runner'
[2026-04-03 09:52:05Z INFO HostContext] Well known config file 'Runner': 'D:\코딩\mlops_sentiment_api\actions-runner\.runner'
[2026-04-03 09:52:05Z INFO Listener] Runner is built for Windows (X64) - win-x64.
[2026-04-03 09:52:05Z INFO Listener] RuntimeInformation: Microsoft Windows 10.0.26200.
[2026-04-03 09:52:05Z INFO Listener] Version: 2.333.1
[2026-04-03 09:52:05Z INFO Listener] Commit: 6792966801e8925346735b68c03bf9f347af4646
[2026-04-03 09:52:05Z INFO Listener] Culture: ko-KR
[2026-04-03 09:52:05Z INFO Listener] UI Culture: ko-KR
[2026-04-03 09:52:05Z INFO HostContext] Well known directory 'Bin': 'D:\코딩\mlops_sentiment_api\actions-runner\bin'
[2026-04-03 09:52:05Z INFO HostContext] Well known directory 'Root': 'D:\코딩\mlops_sentiment_api\actions-runner'
[2026-04-03 09:52:05Z INFO Listener] Validating directory permissions for: 'D:\코딩\mlops_sentiment_api\actions-runner'
[2026-04-03 09:52:05Z INFO CommandLineParser] Parse
[2026-04-03 09:52:05Z INFO CommandLineParser] Parsing 1 args
[2026-04-03 09:52:05Z INFO CommandLineParser] parsing argument
[2026-04-03 09:52:05Z INFO CommandLineParser] HasArgs: False
[2026-04-03 09:52:05Z INFO CommandLineParser] Adding Command: remove
[2026-04-03 09:52:05Z INFO Listener] Arguments parsed
[2026-04-03 09:52:05Z INFO Runner] ExecuteCommand
[2026-04-03 09:52:05Z INFO ConfigurationStore] currentAssemblyLocation: D:\코딩\mlops_sentiment_api\actions-runner\bin\Runner.Listener.dll
[2026-04-03 09:52:05Z INFO HostContext] Well known directory 'Bin': 'D:\코딩\mlops_sentiment_api\actions-runner\bin'
[2026-04-03 09:52:05Z INFO ConfigurationStore] binPath: D:\코딩\mlops_sentiment_api\actions-runner\bin
[2026-04-03 09:52:05Z INFO HostContext] Well known directory 'Bin': 'D:\코딩\mlops_sentiment_api\actions-runner\bin'
[2026-04-03 09:52:05Z INFO HostContext] Well known directory 'Root': 'D:\코딩\mlops_sentiment_api\actions-runner'
[2026-04-03 09:52:05Z INFO ConfigurationStore] RootFolder: D:\코딩\mlops_sentiment_api\actions-runner
[2026-04-03 09:52:05Z INFO HostContext] Well known directory 'Bin': 'D:\코딩\mlops_sentiment_api\actions-runner\bin'
[2026-04-03 09:52:05Z INFO HostContext] Well known directory 'Root': 'D:\코딩\mlops_sentiment_api\actions-runner'
[2026-04-03 09:52:05Z INFO HostContext] Well known config file 'Runner': 'D:\코딩\mlops_sentiment_api\actions-runner\.runner'
[2026-04-03 09:52:05Z INFO ConfigurationStore] ConfigFilePath: D:\코딩\mlops_sentiment_api\actions-runner\.runner
[2026-04-03 09:52:05Z INFO HostContext] Well known directory 'Bin': 'D:\코딩\mlops_sentiment_api\actions-runner\bin'
[2026-04-03 09:52:05Z INFO HostContext] Well known directory 'Root': 'D:\코딩\mlops_sentiment_api\actions-runner'
[2026-04-03 09:52:05Z INFO HostContext] Well known config file 'MigratedRunner': 'D:\코딩\mlops_sentiment_api\actions-runner\.runner_migrated'
[2026-04-03 09:52:05Z INFO ConfigurationStore] MigratedConfigFilePath: D:\코딩\mlops_sentiment_api\actions-runner\.runner_migrated
[2026-04-03 09:52:05Z INFO HostContext] Well known directory 'Bin': 'D:\코딩\mlops_sentiment_api\actions-runner\bin'
[2026-04-03 09:52:05Z INFO HostContext] Well known directory 'Root': 'D:\코딩\mlops_sentiment_api\actions-runner'
[2026-04-03 09:52:05Z INFO HostContext] Well known config file 'Credentials': 'D:\코딩\mlops_sentiment_api\actions-runner\.credentials'
[2026-04-03 09:52:05Z INFO ConfigurationStore] CredFilePath: D:\코딩\mlops_sentiment_api\actions-runner\.credentials
[2026-04-03 09:52:05Z INFO HostContext] Well known directory 'Bin': 'D:\코딩\mlops_sentiment_api\actions-runner\bin'
[2026-04-03 09:52:05Z INFO HostContext] Well known directory 'Root': 'D:\코딩\mlops_sentiment_api\actions-runner'
[2026-04-03 09:52:05Z INFO HostContext] Well known config file 'MigratedCredentials': 'D:\코딩\mlops_sentiment_api\actions-runner\.credentials_migrated'
[2026-04-03 09:52:05Z INFO ConfigurationStore] MigratedCredFilePath: D:\코딩\mlops_sentiment_api\actions-runner\.credentials_migrated
[2026-04-03 09:52:05Z INFO HostContext] Well known directory 'Bin': 'D:\코딩\mlops_sentiment_api\actions-runner\bin'
[2026-04-03 09:52:05Z INFO HostContext] Well known directory 'Root': 'D:\코딩\mlops_sentiment_api\actions-runner'
[2026-04-03 09:52:05Z INFO HostContext] Well known config file 'Service': 'D:\코딩\mlops_sentiment_api\actions-runner\.service'
[2026-04-03 09:52:05Z INFO ConfigurationStore] ServiceConfigFilePath: D:\코딩\mlops_sentiment_api\actions-runner\.service
[2026-04-03 09:52:05Z INFO CommandSettings] Flag 'help': 'False'
[2026-04-03 09:52:05Z INFO CommandSettings] Flag 'version': 'False'
[2026-04-03 09:52:05Z INFO CommandSettings] Flag 'commit': 'False'
[2026-04-03 09:52:05Z INFO CommandSettings] Flag 'check': 'False'
[2026-04-03 09:52:05Z INFO CommandSettings] Command 'configure': 'False'
[2026-04-03 09:52:05Z INFO CommandSettings] Command 'remove': 'True'
[2026-04-03 09:52:05Z INFO CommandSettings] Flag 'local': 'False'
[2026-04-03 09:52:05Z INFO ConfigurationStore] IsServiceConfigured()
[2026-04-03 09:52:05Z INFO ConfigurationStore] IsServiceConfigured: True
[2026-04-03 09:52:05Z INFO Terminal] WRITE LINE: Removing service
[2026-04-03 09:52:05Z ERR  WindowsServiceControlManager] Needs Administrator privileges for unconfigure windows service runner.
[2026-04-03 09:52:05Z ERR  Terminal] WRITE ERROR: Failed: Removing service
[2026-04-03 09:52:05Z ERR  Runner] System.Security.SecurityException: Needs Administrator privileges for unconfiguring runner that running as windows service.
   at GitHub.Runner.Listener.Configuration.WindowsServiceControlManager.UnconfigureService()
   at GitHub.Runner.Listener.Configuration.ConfigurationManager.UnconfigureAsync(CommandSettings command)
   at GitHub.Runner.Listener.Runner.ExecuteCommand(CommandSettings command)
[2026-04-03 09:52:05Z ERR  Terminal] WRITE ERROR: Needs Administrator privileges for unconfiguring runner that running as windows service.
[2026-04-03 09:52:05Z INFO Listener] Runner execution has finished with return code 1
